// Jest Snapshot v1, https://goo.gl/fbAQLP

exports[`FilterByTags component should render correctly 1`] = `
<DocumentFragment>
  <div
    class="filter"
  >
    <button
      class="button isActive"
      type="button"
    >
      All
    </button>
    <button
      class="button"
      type="button"
    >
      Fantasy
    </button>
    <button
      class="button"
      type="button"
    >
      Comedy
    </button>
    <button
      class="button"
      type="button"
    >
      Family
    </button>
    <button
      class="button"
      type="button"
    >
      Drama
    </button>
  </div>
</DocumentFragment>
`;
